// Jest Snapshot v1, https://goo.gl/fbAQLP

exports[`Testing AppBarSearch component Test if AppBarSearch renders correctly 1`] = `
ShallowWrapper {
  Symbol(enzyme.__root__): [Circular],
  Symbol(enzyme.__unrendered__): <WithStyles(SearchAppBar) />,
  Symbol(enzyme.__renderer__): Object {
    "batchedUpdates": [Function],
    "checkPropTypes": [Function],
    "getNode": [Function],
    "render": [Function],
    "simulateError": [Function],
    "simulateEvent": [Function],
    "unmount": [Function],
  },
  Symbol(enzyme.__node__): Object {
    "instance": null,
    "key": undefined,
    "nodeType": "function",
    "props": Object {
      "classes": Object {
        "grow": "SearchAppBar-grow-2",
        "inputInput": "SearchAppBar-inputInput-7",
        "inputRoot": "SearchAppBar-inputRoot-6",
        "root": "SearchAppBar-root-1",
        "search": "SearchAppBar-search-4",
        "searchIcon": "SearchAppBar-searchIcon-5",
        "title": "SearchAppBar-title-3",
      },
    },
    "ref": null,
    "rendered": null,
    "type": [Function],
  },
  Symbol(enzyme.__nodes__): Array [
    Object {
      "instance": null,
      "key": undefined,
      "nodeType": "function",
      "props": Object {
        "classes": Object {
          "grow": "SearchAppBar-grow-2",
          "inputInput": "SearchAppBar-inputInput-7",
          "inputRoot": "SearchAppBar-inputRoot-6",
          "root": "SearchAppBar-root-1",
          "search": "SearchAppBar-search-4",
          "searchIcon": "SearchAppBar-searchIcon-5",
          "title": "SearchAppBar-title-3",
        },
      },
      "ref": null,
      "rendered": null,
      "type": [Function],
    },
  ],
  Symbol(enzyme.__options__): Object {
    "adapter": ReactSixteenAdapter {
      "options": Object {
        "enableComponentDidUpdateOnSetState": true,
        "legacyContextMode": "parent",
        "lifecycles": Object {
          "componentDidUpdate": Object {
            "onSetState": true,
          },
          "getChildContext": Object {
            "calledByRenderer": false,
          },
          "getDerivedStateFromError": true,
          "getDerivedStateFromProps": Object {
            "hasShouldComponentUpdateBug": false,
          },
          "getSnapshotBeforeUpdate": true,
          "setState": Object {
            "skipsComponentDidUpdateOnNullish": true,
          },
        },
      },
    },
  },
  Symbol(enzyme.__childContext__): null,
}
`;
