// Jest Snapshot v1, https://goo.gl/fbAQLP

exports[`Testing EditProfile component Test if EditProfile renders correctly 1`] = `
<div
  className="editBackground"
  style={
    Object {
      "overflowX": "hidden",
    }
  }
>
  <WithStyles(Grid)
    alignItems="stretch"
    container={true}
    justify="center"
    style={
      Object {
        "position": "absolute",
      }
    }
  >
    <WithStyles(SimpleAppBar) />
  </WithStyles(Grid)>
  <WithStyles(Grid)
    alignContent="center"
    alignItems="center"
    container={true}
    justify="center"
  >
    <WithStyles(Grid)
      item={true}
    >
      <img
        alt="Profilepic"
        src="Pp.png"
        style={
          Object {
            "height": 130,
            "padding": 80,
            "width": 130,
          }
        }
      />
    </WithStyles(Grid)>
  </WithStyles(Grid)>
  <WithStyles(Grid)
    alignContent="center"
    alignItems="center"
    container={true}
    direction="column"
    justify="center"
  >
    <WithStyles(Grid)
      item={true}
      xs={12}
    >
      <TextField
        Maxrows="4"
        defaultValue="batatinha"
        id="name"
        label="Nome"
        margin="normal"
        multiline={true}
        onChange={[Function]}
        required={false}
        select={false}
        variant="standard"
      />
    </WithStyles(Grid)>
    <WithStyles(Grid)
      item={true}
    >
      <TextField
        Maxrows="4"
        id="telegram"
        label="Telegram"
        margin="normal"
        multiline={true}
        onChange={[Function]}
        placeholder="@"
        required={false}
        select={false}
        variant="standard"
      />
    </WithStyles(Grid)>
    <WithStyles(Grid)
      item={true}
      style={
        Object {
          "padding": 30,
        }
      }
    >
      <WithStyles(SimpleSelect) />
    </WithStyles(Grid)>
  </WithStyles(Grid)>
  <WithStyles(Grid)
    alignContent="center"
    alignItems="center"
    container={true}
    direction="row"
    justify="center"
    spacing={24}
  >
    <WithStyles(Grid)
      item={true}
    >
      <WithStyles(Button)
        color="primary"
        component={[Function]}
        onClick={[Function]}
        to="/EditProfile"
        variant="outlined"
      >
        Confirmar
      </WithStyles(Button)>
    </WithStyles(Grid)>
    <WithStyles(Grid)
      item={true}
    >
      <WithStyles(Button)
        color="primary"
        component={[Function]}
        to="/Feed"
        variant="outlined"
      >
        Cancelar
      </WithStyles(Button)>
    </WithStyles(Grid)>
  </WithStyles(Grid)>
</div>
`;
