// Jest Snapshot v1, https://goo.gl/fbAQLP

exports[`Testing Mention component Test if Mention renders correctly 1`] = `
<SimpleSelect
  classes={
    Object {
      "formControl": "SimpleSelect-formControl-2",
      "root": "SimpleSelect-root-1",
      "selectEmpty": "SimpleSelect-selectEmpty-3",
    }
  }
/>
`;
