// Jest Snapshot v1, https://goo.gl/fbAQLP

exports[`Testing ProfileTabMonitor component Test if ProfileTabMonitor renders correctly 1`] = `
<Profile
  classes={
    Object {
      "fab": "Profile-fab-3",
      "perfil": "Profile-perfil-1",
      "root": "Profile-root-2",
    }
  }
  match={
    Object {
      "params": Object {
        "id_monitor": [MockFunction],
      },
    }
  }
/>
`;
