// Jest Snapshot v1, https://goo.gl/fbAQLP

exports[`Test if Course renders correctly 1`] = `undefined`;

exports[`Testing RegisterMonitoring component Test if RegisterMonitoring renders correctly 1`] = `
<div
  style={
    Object {
      "overflowX": "hidden",
    }
  }
>
  <div>
    <WithStyles(Grid)
      alignItems="stretch"
      container={true}
      justify="center"
    >
      <WithStyles(SimpleAppBar) />
    </WithStyles(Grid)>
  </div>
  <div>
    <WithStyles(Grid)
      alignContent="center"
      alignItems="center"
      container={true}
      direction="column"
      justify="center"
      spacing={16}
      style={
        Object {
          "padding": 60,
        }
      }
    >
      <WithStyles(Grid)
        item={true}
        md-auto={true}
      >
        <TextField
          id="temaTextField"
          label="Tema"
          margin="normal"
          onChange={[Function]}
          required={false}
          select={false}
          variant="standard"
        />
      </WithStyles(Grid)>
      <WithStyles(Grid)
        item={true}
        md-auto={true}
      >
        <TextField
          id="temaTextField"
          label="Matéria"
          margin="normal"
          onChange={[Function]}
          required={false}
          select={false}
          variant="standard"
        />
      </WithStyles(Grid)>
      <WithStyles(Grid)
        item={true}
        md-auto={true}
      >
        <TextField
          id="descricaoTextfild"
          label="Descrição"
          margin="normal"
          multiline={true}
          onChange={[Function]}
          placeholder="Descrição"
          required={false}
          select={false}
          variant="outlined"
        />
      </WithStyles(Grid)>
      <WithStyles(Grid)
        alignContent="center"
        alignItems="center"
        container={true}
        direction="row"
        justify="center"
        spacing={16}
        style={
          Object {
            "paddingTop": 40,
          }
        }
      >
        <WithStyles(Grid)
          item={true}
        >
          <WithStyles(Button)
            color="primary"
            component={[Function]}
            onClick={[Function]}
            to="/Feed"
            variant="outlined"
          >
            Registrar
          </WithStyles(Button)>
        </WithStyles(Grid)>
        <WithStyles(Grid)
          item={true}
        >
          <WithStyles(Button)
            color="primary"
            component={[Function]}
            to="/Feed"
            variant="outlined"
          >
            Cancelar
          </WithStyles(Button)>
        </WithStyles(Grid)>
      </WithStyles(Grid)>
    </WithStyles(Grid)>
  </div>
</div>
`;
