// Jest Snapshot v1, https://goo.gl/fbAQLP

exports[`Test if Search renders correctly 1`] = `undefined`;

exports[`renders correctly 1`] = `
<div
  style={
    Object {
      "overflowX": "hidden",
    }
  }
>
  <div
    className="MuiGrid-container-1 MuiGrid-justify-xs-center-18"
  >
    <div
      className="SearchAppBar-root-98"
    >
      <header
        className="MuiPaper-root-114 MuiPaper-elevation4-120 MuiAppBar-root-105 MuiAppBar-positionStatic-109 MuiAppBar-colorPrimary-112"
        style={
          Object {
            "background": "#1DA1F2",
          }
        }
      >
        <div
          className="MuiToolbar-root-141 MuiToolbar-regular-143 MuiToolbar-gutters-142"
        >
          <img
            alt="Logo"
            height="40"
            src="Logo.png"
            width="40"
          />
          <h6
            className="MuiTypography-root-145 MuiTypography-h6-162 MuiTypography-colorInherit-174 MuiTypography-noWrap-171 SearchAppBar-appBar-100"
          >
            +Monitoria
          </h6>
          <div
            className="SearchAppBar-grow-99"
          />
          <div
            className="SearchAppBar-search-101"
          >
            <div
              className="MuiInputBase-root-181"
              onClick={[Function]}
            >
              <input
                className="MuiInputBase-input-191"
                onBlur={[Function]}
                onChange={[Function]}
                onFocus={[Function]}
                placeholder="Pesquisar"
                type="text"
              />
            </div>
          </div>
        </div>
      </header>
    </div>
  </div>
  <div
    className="MuiGrid-container-1 MuiGrid-spacing-xs-8-23 MuiGrid-direction-xs-column-4 MuiGrid-align-items-xs-center-9 MuiGrid-justify-xs-center-18"
    style={
      Object {
        "paddingTop": 80,
      }
    }
  />
</div>
`;
